$ git stash push -m stage0h-tmux-doc-temp -- AGENTS.md docs/local_remote_collaboration_protocol.md
Saved working directory and index state On main: stage0h-tmux-doc-temp

$ git pull --ff-only
Already up to date.

$ uv run --with pytest pytest algos/ep09_psf_calibration/tests/ -q
...........                                                              [100%]
11 passed in 0.60s

$ uv run python -c "import sys; sys.path.insert(0, 'core/src'); from thermal_core.alignment_paths import default_contour_alignment_csv; p=default_contour_alignment_csv(); print(p); assert p.name=='stage0f_refined_alignment.csv'"
/home/ujs/thermal_lift/configs/alignment/stage0f_refined_alignment.csv

$ git stash pop
On branch main
Your branch is up to date with 'origin/main'.

Changes not staged for commit:
  (use "git add <file>..." to update what will be committed)
  (use "git restore <file>..." to discard changes in working directory)
	modified:   AGENTS.md
	modified:   docs/local_remote_collaboration_protocol.md

Untracked files:
  (use "git add <file>..." to include in what will be committed)
	algos/ep07_unet_sr/smoke_s2.status
	report.json
	scripts/finish_task_e.sh

no changes added to commit (use "git add" and/or "git commit -a")
Dropped refs/stash@{0} (e9998ff823b39d2a5f73736e35abf3d40b176fff)
